Hello,Goodbye,5,5.1,text,0.5,20
Yes,no,200,-4.5,,22,19.3
a,b,0,0,"words ""words"" words",15,More words